../Core/Src/main.c:114:5:main	80	static
../Core/Src/main.c:579:6:SystemClock_Config	88	static
../Core/Src/main.c:626:13:MX_ADC1_Init	24	static
../Core/Src/main.c:673:13:MX_CAN_Init	48	static
../Core/Src/main.c:729:13:MX_SPI2_Init	8	static
../Core/Src/main.c:767:13:MX_TIM2_Init	56	static
../Core/Src/main.c:825:13:MX_USART3_UART_Init	8	static
../Core/Src/main.c:858:13:MX_GPIO_Init	40	static
../Core/Src/main.c:903:6:HAL_CAN_RxFifo0MsgPendingCallback	16	static
../Core/Src/main.c:913:6:HAL_TIM_PWM_PulseFinishedCallback	16	static
../Core/Src/main.c:924:6:HAL_UART_RxCpltCallback	16	static
../Core/Src/main.c:929:6:HAL_SPI_RxCpltCallback	16	static
../Core/Src/main.c:935:6:CAN_SendMessage	16	static
../Core/Src/main.c:953:6:setTimestamp	16	static
../Core/Src/main.c:958:10:getTimestamp	8	static
../Core/Src/main.c:963:6:timeElapsed	16	static
../Core/Src/main.c:974:6:Error_Handler	4	static,ignoring_inline_asm
