../Drivers/STM32F0xx_HAL_Driver/Src/stm32f0xx_hal_can.c:274:19:HAL_CAN_Init	24	static
../Drivers/STM32F0xx_HAL_Driver/Src/stm32f0xx_hal_can.c:459:19:HAL_CAN_DeInit	16	static
../Drivers/STM32F0xx_HAL_Driver/Src/stm32f0xx_hal_can.c:506:13:HAL_CAN_MspInit	16	static
../Drivers/STM32F0xx_HAL_Driver/Src/stm32f0xx_hal_can.c:522:13:HAL_CAN_MspDeInit	16	static
../Drivers/STM32F0xx_HAL_Driver/Src/stm32f0xx_hal_can.c:839:19:HAL_CAN_ConfigFilter	32	static
../Drivers/STM32F0xx_HAL_Driver/Src/stm32f0xx_hal_can.c:989:19:HAL_CAN_Start	24	static
../Drivers/STM32F0xx_HAL_Driver/Src/stm32f0xx_hal_can.c:1041:19:HAL_CAN_Stop	24	static
../Drivers/STM32F0xx_HAL_Driver/Src/stm32f0xx_hal_can.c:1096:19:HAL_CAN_RequestSleep	24	static
../Drivers/STM32F0xx_HAL_Driver/Src/stm32f0xx_hal_can.c:1127:19:HAL_CAN_WakeUp	32	static
../Drivers/STM32F0xx_HAL_Driver/Src/stm32f0xx_hal_can.c:1176:10:HAL_CAN_IsSleepActive	24	static
../Drivers/STM32F0xx_HAL_Driver/Src/stm32f0xx_hal_can.c:1207:19:HAL_CAN_AddTxMessage	40	static
../Drivers/STM32F0xx_HAL_Driver/Src/stm32f0xx_hal_can.c:1307:19:HAL_CAN_AbortTxRequest	24	static
../Drivers/STM32F0xx_HAL_Driver/Src/stm32f0xx_hal_can.c:1356:10:HAL_CAN_GetTxMailboxesFreeLevel	24	static
../Drivers/STM32F0xx_HAL_Driver/Src/stm32f0xx_hal_can.c:1399:10:HAL_CAN_IsTxMessagePending	24	static
../Drivers/STM32F0xx_HAL_Driver/Src/stm32f0xx_hal_can.c:1431:10:HAL_CAN_GetTxTimestamp	32	static
../Drivers/STM32F0xx_HAL_Driver/Src/stm32f0xx_hal_can.c:1477:19:HAL_CAN_GetRxMessage	32	static
../Drivers/STM32F0xx_HAL_Driver/Src/stm32f0xx_hal_can.c:1577:10:HAL_CAN_GetRxFifoFillLevel	24	static
../Drivers/STM32F0xx_HAL_Driver/Src/stm32f0xx_hal_can.c:1630:19:HAL_CAN_ActivateNotification	24	static
../Drivers/STM32F0xx_HAL_Driver/Src/stm32f0xx_hal_can.c:1663:19:HAL_CAN_DeactivateNotification	24	static
../Drivers/STM32F0xx_HAL_Driver/Src/stm32f0xx_hal_can.c:1694:6:HAL_CAN_IRQHandler	48	static
../Drivers/STM32F0xx_HAL_Driver/Src/stm32f0xx_hal_can.c:2105:13:HAL_CAN_TxMailbox0CompleteCallback	16	static
../Drivers/STM32F0xx_HAL_Driver/Src/stm32f0xx_hal_can.c:2122:13:HAL_CAN_TxMailbox1CompleteCallback	16	static
../Drivers/STM32F0xx_HAL_Driver/Src/stm32f0xx_hal_can.c:2139:13:HAL_CAN_TxMailbox2CompleteCallback	16	static
../Drivers/STM32F0xx_HAL_Driver/Src/stm32f0xx_hal_can.c:2156:13:HAL_CAN_TxMailbox0AbortCallback	16	static
../Drivers/STM32F0xx_HAL_Driver/Src/stm32f0xx_hal_can.c:2173:13:HAL_CAN_TxMailbox1AbortCallback	16	static
../Drivers/STM32F0xx_HAL_Driver/Src/stm32f0xx_hal_can.c:2190:13:HAL_CAN_TxMailbox2AbortCallback	16	static
../Drivers/STM32F0xx_HAL_Driver/Src/stm32f0xx_hal_can.c:2207:13:HAL_CAN_RxFifo0MsgPendingCallback	16	static
../Drivers/STM32F0xx_HAL_Driver/Src/stm32f0xx_hal_can.c:2224:13:HAL_CAN_RxFifo0FullCallback	16	static
../Drivers/STM32F0xx_HAL_Driver/Src/stm32f0xx_hal_can.c:2241:13:HAL_CAN_RxFifo1MsgPendingCallback	16	static
../Drivers/STM32F0xx_HAL_Driver/Src/stm32f0xx_hal_can.c:2258:13:HAL_CAN_RxFifo1FullCallback	16	static
../Drivers/STM32F0xx_HAL_Driver/Src/stm32f0xx_hal_can.c:2275:13:HAL_CAN_SleepCallback	16	static
../Drivers/STM32F0xx_HAL_Driver/Src/stm32f0xx_hal_can.c:2291:13:HAL_CAN_WakeUpFromRxMsgCallback	16	static
../Drivers/STM32F0xx_HAL_Driver/Src/stm32f0xx_hal_can.c:2308:13:HAL_CAN_ErrorCallback	16	static
../Drivers/STM32F0xx_HAL_Driver/Src/stm32f0xx_hal_can.c:2345:22:HAL_CAN_GetState	24	static
../Drivers/STM32F0xx_HAL_Driver/Src/stm32f0xx_hal_can.c:2380:10:HAL_CAN_GetError	16	static
../Drivers/STM32F0xx_HAL_Driver/Src/stm32f0xx_hal_can.c:2392:19:HAL_CAN_ResetError	24	static
