main.c:134:5:main	8	static
main.c:315:6:SystemClock_Config	72	static
main.c:351:13:MX_CAN_Init	8	static
main.c:388:13:MX_SPI1_Init	8	static
main.c:426:13:MX_SPI2_Init	8	static
main.c:464:13:MX_USART3_UART_Init	8	static
main.c:497:13:MX_GPIO_Init	16	static
main.c:507:6:HAL_CAN_RxFifo0MsgPendingCallback	32	static
main.c:530:6:Error_Handler	4	static,ignoring_inline_asm
main.c:541:6:setTimestamp	16	static
main.c:546:10:getTimestamp	8	static
main.c:551:6:timeElapsed	16	static
main.c:556:6:modifyTargetSteps	16	static
main.c:561:6:setTargetSteps	16	static
main.c:566:6:zeroSteps	4	static
main.c:572:6:processCanMessage	16	static
